<?xml version='1.0' encoding='utf-8'?>
<testsuites name="cocotb tests"><testsuite name="test_adder" errors="0" failures="0" skipped="0" tests="2" time="0.005" timestamp="2026-09-21T07:10:42.686306+00:00" hostname="mirafra"><testcase classname="test_adder" name="test_adder_reset" time="0.001"><properties><property name="cocotb" value="True" /><property name="random_seed" value="1789974637" /><property name="file" value="/home/mirafra/Desktop/eda_with_ai/project/Veriopt/Veriopt/tb/test_adder.py" /><property name="line" value="35" /><property name="sim_time_unit" value="ns" /><property name="sim_time_start" value="0.0" /><property name="sim_time_stop" value="40.0" /><property name="sim_time_duration" value="40.0" /><property name="sim_time_ratio" value="37041.56435379625" /></properties></testcase><testcase classname="test_adder" name="test_adder_stimulus" time="0.004"><properties><property name="cocotb" value="True" /><property name="random_seed" value="1789974637" /><property name="file" value="/home/mirafra/Desktop/eda_with_ai/project/Veriopt/Veriopt/tb/test_adder.py" /><property name="line" value="42" /><property name="sim_time_unit" value="ns" /><property name="sim_time_start" value="40.001" /><property name="sim_time_stop" value="432.001" /><property name="sim_time_duration" value="392.0" /><property name="sim_time_ratio" value="92824.25856794679" /></properties></testcase></testsuite></testsuites>